     VMA      LMA     Size Align Out     In      Symbol
       0        0 80200000     1 . = 0x80200000
80200000 80200000      200     2 .text
80200000 80200000        e     2         /tmp/kernel-d5aa1b.o:(.text.boot)
80200000 80200000        0     1                 
80200000 80200000        0     1                 
80200000 80200000        0     1                 $x.1
80200000 80200000        0     1                 
80200000 80200000        e     1                 boot
8020000e 8020000e        0     1                 
8020000e 8020000e        0     1                 
8020000e 8020000e       4c     2         /tmp/kernel-d5aa1b.o:(.text)
8020000e 8020000e        0     1                 
8020000e 8020000e        0     1                 
8020000e 8020000e        0     1                 $x.0
8020000e 8020000e        0     1                 
8020000e 8020000e        6     1                 sbi_call
80200012 80200012        0     1                 
80200014 80200014        0     1                 
80200014 80200014        0     1                 
80200014 80200014        0     1                 
80200014 80200014       14     1                 putchar
80200026 80200026        0     1                 
80200028 80200028        0     1                 
80200028 80200028        0     1                 
80200028 80200028        0     1                 
80200028 80200028       16     1                 memset
8020002c 8020002c        0     1                 
8020002c 8020002c        0     1                 
8020002e 8020002e        0     1                 
8020002e 8020002e        0     1                 .LBB2_2
8020002e 8020002e        0     1                 
80200032 80200032        0     1                 
80200032 80200032        0     1                 
80200036 80200036        0     1                 
80200038 80200038        0     1                 
80200038 80200038        0     1                 
8020003c 8020003c        0     1                 .LBB2_3
8020003c 8020003c        0     1                 
8020003c 8020003c        0     1                 
8020003e 8020003e        0     1                 
8020003e 8020003e        0     1                 
8020003e 8020003e        0     1                 
8020003e 8020003e        0     1                 
8020003e 8020003e        0     1                 
8020003e 8020003e       1c     1                 kernel_main
80200054 80200054        0     1                 
80200054 80200054        0     1                 .LBB3_1
80200054 80200054        0     1                 
80200058 80200058        0     1                 
8020005a 8020005a        0     1                 
8020005a 8020005a        0     1                 
8020005a 8020005a      1a6     2         /tmp/common-4fc7cb.o:(.text)
8020005a 8020005a        0     1                 
8020005a 8020005a        0     1                 
8020005a 8020005a        0     1                 $x.0
8020005a 8020005a        0     1                 
8020005a 8020005a      1a6     1                 printf
80200088 80200088        0     1                 
802000b0 802000b0        0     1                 .LBB0_1
802000b0 802000b0        0     1                 
802000b4 802000b4        0     1                 .LBB0_2
802000b4 802000b4        0     1                 
802000b6 802000b6        0     1                 .LBB0_3
802000b6 802000b6        0     1                 
802000ba 802000ba        0     1                 
802000c2 802000c2        0     1                 .LBB0_5
802000c2 802000c2        0     1                 
802000c4 802000c4        0     1                 
802000c4 802000c4        0     1                 
802000c6 802000c6        0     1                 
802000c8 802000c8        0     1                 .LBB0_6
802000c8 802000c8        0     1                 
802000cc 802000cc        0     1                 
802000ce 802000ce        0     1                 
802000de 802000de        0     1                 
802000de 802000de        0     1                 
802000ea 802000ea        0     1                 
802000ea 802000ea        0     1                 
802000ee 802000ee        0     1                 
802000ee 802000ee        0     1                 
802000f0 802000f0        0     1                 
802000f6 802000f6        0     1                 .LBB0_11
802000f6 802000f6        0     1                 
802000f6 802000f6        0     1                 
802000fe 802000fe        0     1                 
802000fe 802000fe        0     1                 
80200108 80200108        0     1                 
80200108 80200108        0     1                 
8020010c 8020010c        0     1                 
8020010c 8020010c        0     1                 
8020010e 8020010e        0     1                 
80200112 80200112        0     1                 
80200114 80200114        0     1                 
80200114 80200114        0     1                 
8020011a 8020011a        0     1                 
8020011a 8020011a        0     1                 
8020011c 8020011c        0     1                 
80200120 80200120        0     1                 
80200122 80200122        0     1                 
80200122 80200122        0     1                 
80200128 80200128        0     1                 
80200128 80200128        0     1                 
8020012a 8020012a        0     1                 
8020012e 8020012e        0     1                 
80200130 80200130        0     1                 
80200130 80200130        0     1                 
80200136 80200136        0     1                 
80200136 80200136        0     1                 
80200138 80200138        0     1                 
8020013c 8020013c        0     1                 
8020013e 8020013e        0     1                 
8020013e 8020013e        0     1                 
80200144 80200144        0     1                 
80200144 80200144        0     1                 
80200146 80200146        0     1                 
8020014a 8020014a        0     1                 
8020014c 8020014c        0     1                 
8020014c 8020014c        0     1                 
80200152 80200152        0     1                 
80200152 80200152        0     1                 
80200154 80200154        0     1                 
80200158 80200158        0     1                 
8020015a 8020015a        0     1                 
8020015a 8020015a        0     1                 
80200160 80200160        0     1                 
80200160 80200160        0     1                 
80200162 80200162        0     1                 
80200166 80200166        0     1                 
80200168 80200168        0     1                 
80200168 80200168        0     1                 
8020016a 8020016a        0     1                 
8020016a 8020016a        0     1                 
8020016c 8020016c        0     1                 
80200170 80200170        0     1                 
80200170 80200170        0     1                 
80200172 80200172        0     1                 
80200172 80200172        0     1                 
80200174 80200174        0     1                 
80200176 80200176        0     1                 .LBB0_14
80200176 80200176        0     1                 
80200176 80200176        0     1                 
80200180 80200180        0     1                 
80200180 80200180        0     1                 
80200184 80200184        0     1                 
8020018a 8020018a        0     1                 
8020018a 8020018a        0     1                 .LBB0_16
8020018a 8020018a        0     1                 
80200190 80200190        0     1                 
80200190 80200190        0     1                 
80200194 80200194        0     1                 
80200196 80200196        0     1                 
8020019a 8020019a        0     1                 .LBB0_17
8020019a 8020019a        0     1                 
8020019a 8020019a        0     1                 
802001a0 802001a0        0     1                 
802001a0 802001a0        0     1                 
802001a4 802001a4        0     1                 
802001a4 802001a4        0     1                 
802001a6 802001a6        0     1                 
802001aa 802001aa        0     1                 .LBB0_18
802001aa 802001aa        0     1                 
802001ac 802001ac        0     1                 
802001ac 802001ac        0     1                 .LBB0_19
802001ac 802001ac        0     1                 
802001b0 802001b0        0     1                 
802001b4 802001b4        0     1                 
802001b8 802001b8        0     1                 .LBB0_20
802001b8 802001b8        0     1                 
802001b8 802001b8        0     1                 
802001ba 802001ba        0     1                 
802001ba 802001ba        0     1                 
802001be 802001be        0     1                 
802001c2 802001c2        0     1                 
802001c8 802001c8        0     1                 
802001c8 802001c8        0     1                 
802001d6 802001d6        0     1                 
802001d6 802001d6        0     1                 
802001dc 802001dc        0     1                 .LBB0_21
802001dc 802001dc        0     1                 
802001dc 802001dc        0     1                 
802001e2 802001e2        0     1                 .LBB0_22
802001e2 802001e2        0     1                 
802001e2 802001e2        0     1                 
802001e6 802001e6        0     1                 
802001fc 802001fc        0     1                 
80200200 80200200        0     1                 
80200200 80200200        0     1                 
80200200 80200200       11     4 .rodata
80200200 80200200       11     1         <internal>:(.rodata.str1.1)
80200214 80200214        0     4 .bss
80200214 80200214        0     1         __bss = .
80200214 80200214        0     1         __bss_end = .
80200214 80200214        0     1 . = ALIGN ( 4 )
80200214 80200214    20000     1 . += 128 * 1024
80220214 80220214        0     1 __stack_top = .
       0        0      29c     1 .debug_loc
       0        0      102     1         /tmp/kernel-d5aa1b.o:(.debug_loc)
       0        0        0     1                 
       0        0        0     1                 $d.2
      1b       1b        0     1                 
      36       36        0     1                 
      51       51        0     1                 
      6e       6e        0     1                 
      aa       aa        0     1                 
      c7       c7        0     1                 
      e5       e5        0     1                 
     102      102      19a     1         /tmp/common-4fc7cb.o:(.debug_loc)
     102      102        0     1                 
     102      102        0     1                 $d.2
     120      120        0     1                 
     13e      13e        0     1                 
     181      181        0     1                 
     1fe      1fe        0     1                 
     211      211        0     1                 
     271      271        0     1                 
       0        0      256     1 .debug_abbrev
       0        0      169     1         /tmp/kernel-d5aa1b.o:(.debug_abbrev)
       0        0        0     1                 $d.3
     169      169       ed     1         /tmp/common-4fc7cb.o:(.debug_abbrev)
     169      169        0     1                 $d.3
       0        0      51d     1 .debug_info
       0        0      36f     1         /tmp/kernel-d5aa1b.o:(.debug_info)
       0        0        0     1                 $d.4
     36f      36f      1ae     1         /tmp/common-4fc7cb.o:(.debug_info)
     36f      36f        0     1                 $d.4
       0        0       30     1 .debug_ranges
       0        0       18     1         /tmp/kernel-d5aa1b.o:(.debug_ranges)
       0        0        0     1                 
       0        0        0     1                 $d.5
      18       18       18     1         /tmp/common-4fc7cb.o:(.debug_ranges)
      18       18        0     1                 
      18       18        0     1                 $d.5
       0        0      15c     1 .debug_str
       0        0      15c     1         <internal>:(.debug_str)
       0        0       29     1 .comment
       0        0       29     1         <internal>:(.comment)
       0        0       2b     1 .riscv.attributes
       0        0       2b     1         <internal>:(.riscv.attributes)
       0        0       a8     4 .debug_frame
       0        0       64     4         /tmp/kernel-d5aa1b.o:(.debug_frame)
       0        0        0     1                 
       0        0        0     1                 $d.9
      64       64       44     4         /tmp/common-4fc7cb.o:(.debug_frame)
      64       64        0     1                 
      64       64        0     1                 $d.9
       0        0      32a     1 .debug_line
       0        0       c9     1         /tmp/kernel-d5aa1b.o:(.debug_line)
       0        0        0     1                 .Lline_table_start0
       0        0        0     1                 $d.10
      c9       c9      261     1         /tmp/common-4fc7cb.o:(.debug_line)
      c9       c9        0     1                 .Lline_table_start0
      c9       c9        0     1                 $d.10
       0        0     1090     4 .symtab
       0        0     1090     4         <internal>:(.symtab)
       0        0       a0     1 .shstrtab
       0        0       a0     1         <internal>:(.shstrtab)
       0        0       cf     1 .strtab
       0        0       cf     1         <internal>:(.strtab)
